2025-07-26 23:31:31 [INFO] face-presence-api: Settings loaded and directories ensured.
2025-07-26 23:31:32 [INFO] face-presence-api: Settings loaded and directories ensured.
2025-07-26 23:31:32 [DEBUG] asyncio: Using selector: SelectSelector
2025-07-26 23:31:32 [INFO] watchfiles.main: 1 change detected
2025-07-26 23:31:55 [DEBUG] tensorflow: Falling back to TensorFlow client; we recommended you install the Cloud TPU client directly with pip install cloud-tpu-client.
2025-07-26 23:32:01 [DEBUG] h5py._conv: Creating converter from 7 to 5
2025-07-26 23:32:01 [DEBUG] h5py._conv: Creating converter from 5 to 7
2025-07-26 23:32:01 [DEBUG] h5py._conv: Creating converter from 7 to 5
2025-07-26 23:32:01 [DEBUG] h5py._conv: Creating converter from 5 to 7
2025-07-26 23:32:42 [DEBUG] urllib3.util.retry: Converted retries value: 3 -> Retry(total=3, connect=None, read=None, redirect=None, status=None)
2025-07-26 23:32:42 [DEBUG] urllib3.connectionpool: Starting new HTTPS connection (1): oauth2.googleapis.com:443
2025-07-26 23:32:44 [DEBUG] urllib3.connectionpool: https://oauth2.googleapis.com:443 "POST /token HTTP/1.1" 200 None
2025-07-26 23:32:44 [DEBUG] urllib3.connectionpool: Starting new HTTPS connection (1): sheets.googleapis.com:443
2025-07-26 23:32:45 [DEBUG] urllib3.connectionpool: https://sheets.googleapis.com:443 "GET /v4/spreadsheets/1hjXERVEURCeKXeCw8TUbrkjF25_GVmORN0JgjZuu058?includeGridData=false HTTP/1.1" 200 None
2025-07-26 23:32:45 [INFO] face-presence-api: [FastAPI] Application initialized and ready.
2025-07-26 23:32:45 [INFO] face-presence-api: TFLite interpreter initialized on startup.
2025-07-26 23:32:45 [INFO] face-presence-api: [BatchLogger] Background loggers started
2025-07-26 23:32:45 [INFO] face-presence-api: [BatchLogger] Spreadsheet integration activated successfully.
2025-07-26 23:32:55 [DEBUG] face-presence-api: [BatchLogger] No durations, skip flush
2025-07-26 23:33:05 [DEBUG] python_multipart.multipart: Calling on_part_begin with no data
2025-07-26 23:33:05 [DEBUG] python_multipart.multipart: Calling on_header_field with data[42:61]
2025-07-26 23:33:05 [DEBUG] python_multipart.multipart: Calling on_header_value with data[63:88]
2025-07-26 23:33:05 [DEBUG] python_multipart.multipart: Calling on_header_end with no data
2025-07-26 23:33:05 [DEBUG] python_multipart.multipart: Calling on_headers_finished with no data
2025-07-26 23:33:05 [DEBUG] python_multipart.multipart: Calling on_part_data with data[92:94]
2025-07-26 23:33:05 [DEBUG] python_multipart.multipart: Calling on_part_end with no data
2025-07-26 23:33:05 [DEBUG] python_multipart.multipart: Calling on_end with no data
2025-07-26 23:33:05 [INFO] face-presence-api: Checking status for user: 44
2025-07-26 23:33:05 [INFO] face-presence-api: User 44 is already registered.
2025-07-26 23:33:05 [DEBUG] face-presence-api: [BatchLogger] No durations, skip flush
2025-07-26 23:33:12 [DEBUG] python_multipart.multipart: Calling on_part_begin with no data
2025-07-26 23:33:12 [DEBUG] python_multipart.multipart: Calling on_header_field with data[42:61]
2025-07-26 23:33:12 [DEBUG] python_multipart.multipart: Calling on_header_value with data[63:88]
2025-07-26 23:33:12 [DEBUG] python_multipart.multipart: Calling on_header_end with no data
2025-07-26 23:33:12 [DEBUG] python_multipart.multipart: Calling on_headers_finished with no data
2025-07-26 23:33:12 [DEBUG] python_multipart.multipart: Calling on_part_data with data[92:94]
2025-07-26 23:33:12 [DEBUG] python_multipart.multipart: Calling on_part_end with no data
2025-07-26 23:33:12 [DEBUG] python_multipart.multipart: Calling on_end with no data
2025-07-26 23:33:12 [INFO] face-presence-api: Checking status for user: 44
2025-07-26 23:33:12 [INFO] face-presence-api: User 44 is already registered.
2025-07-26 23:33:15 [DEBUG] face-presence-api: [BatchLogger] No verifications, skip flush
2025-07-26 23:33:15 [DEBUG] face-presence-api: [BatchLogger] No registrations, skip flush
2025-07-26 23:33:15 [DEBUG] face-presence-api: [BatchLogger] No durations, skip flush
2025-07-26 23:33:25 [DEBUG] face-presence-api: [BatchLogger] No durations, skip flush
2025-07-26 23:33:35 [DEBUG] face-presence-api: [BatchLogger] No durations, skip flush
2025-07-26 23:33:37 [DEBUG] python_multipart.multipart: Calling on_part_begin with no data
2025-07-26 23:33:37 [DEBUG] python_multipart.multipart: Calling on_header_field with data[42:61]
2025-07-26 23:33:37 [DEBUG] python_multipart.multipart: Calling on_header_value with data[63:88]
2025-07-26 23:33:37 [DEBUG] python_multipart.multipart: Calling on_header_end with no data
2025-07-26 23:33:37 [DEBUG] python_multipart.multipart: Calling on_headers_finished with no data
2025-07-26 23:33:37 [DEBUG] python_multipart.multipart: Calling on_part_data with data[92:94]
2025-07-26 23:33:37 [DEBUG] python_multipart.multipart: Calling on_part_end with no data
2025-07-26 23:33:37 [DEBUG] python_multipart.multipart: Calling on_end with no data
2025-07-26 23:33:37 [INFO] face-presence-api: Checking status for user: 53
2025-07-26 23:33:37 [INFO] face-presence-api: User 53 has not registered.
2025-07-26 23:33:40 [DEBUG] python_multipart.multipart: Calling on_part_begin with no data
2025-07-26 23:33:40 [DEBUG] python_multipart.multipart: Calling on_header_field with data[42:61]
2025-07-26 23:33:40 [DEBUG] python_multipart.multipart: Calling on_header_value with data[63:88]
2025-07-26 23:33:40 [DEBUG] python_multipart.multipart: Calling on_header_end with no data
2025-07-26 23:33:40 [DEBUG] python_multipart.multipart: Calling on_headers_finished with no data
2025-07-26 23:33:40 [DEBUG] python_multipart.multipart: Calling on_part_data with data[92:94]
2025-07-26 23:33:40 [DEBUG] python_multipart.multipart: Calling on_part_end with no data
2025-07-26 23:33:40 [DEBUG] python_multipart.multipart: Calling on_end with no data
2025-07-26 23:33:40 [INFO] face-presence-api: Checking status for user: 53
2025-07-26 23:33:40 [INFO] face-presence-api: User 53 has not registered.
2025-07-26 23:33:45 [DEBUG] face-presence-api: [BatchLogger] No registrations, skip flush
2025-07-26 23:33:45 [DEBUG] face-presence-api: [BatchLogger] No verifications, skip flush
2025-07-26 23:33:45 [DEBUG] face-presence-api: [BatchLogger] No durations, skip flush
2025-07-26 23:33:55 [DEBUG] face-presence-api: [BatchLogger] No durations, skip flush
2025-07-26 23:34:05 [DEBUG] face-presence-api: [BatchLogger] No durations, skip flush
2025-07-26 23:34:15 [DEBUG] face-presence-api: [BatchLogger] No verifications, skip flush
2025-07-26 23:34:15 [DEBUG] face-presence-api: [BatchLogger] No registrations, skip flush
2025-07-26 23:34:15 [DEBUG] face-presence-api: [BatchLogger] No durations, skip flush
2025-07-26 23:34:25 [DEBUG] face-presence-api: [BatchLogger] No durations, skip flush
2025-07-26 23:34:35 [DEBUG] face-presence-api: [BatchLogger] No durations, skip flush
2025-07-26 23:34:43 [DEBUG] python_multipart.multipart: Calling on_field_start with no data
2025-07-26 23:34:43 [DEBUG] python_multipart.multipart: Calling on_field_name with data[0:7]
2025-07-26 23:34:43 [DEBUG] python_multipart.multipart: Calling on_field_data with data[8:10]
2025-07-26 23:34:43 [DEBUG] python_multipart.multipart: Calling on_field_end with no data
2025-07-26 23:34:43 [DEBUG] python_multipart.multipart: Calling on_end with no data
2025-07-26 23:34:43 [INFO] face-presence-api: Checking status for user: 66
2025-07-26 23:34:43 [INFO] face-presence-api: User 66 is already registered.
2025-07-26 23:34:45 [DEBUG] face-presence-api: [BatchLogger] No registrations, skip flush
2025-07-26 23:34:45 [DEBUG] face-presence-api: [BatchLogger] No verifications, skip flush
2025-07-26 23:34:45 [DEBUG] face-presence-api: [BatchLogger] No durations, skip flush
2025-07-26 23:34:55 [DEBUG] face-presence-api: [BatchLogger] No durations, skip flush
2025-07-26 23:35:05 [DEBUG] face-presence-api: [BatchLogger] No durations, skip flush
2025-07-26 23:35:09 [DEBUG] python_multipart.multipart: Calling on_field_start with no data
2025-07-26 23:35:09 [DEBUG] python_multipart.multipart: Calling on_field_name with data[0:7]
2025-07-26 23:35:09 [DEBUG] python_multipart.multipart: Calling on_field_data with data[8:10]
2025-07-26 23:35:09 [DEBUG] python_multipart.multipart: Calling on_field_end with no data
2025-07-26 23:35:09 [DEBUG] python_multipart.multipart: Calling on_end with no data
2025-07-26 23:35:09 [INFO] face-presence-api: Checking status for user: 54
2025-07-26 23:35:09 [INFO] face-presence-api: User 54 has not registered.
2025-07-26 23:35:15 [DEBUG] face-presence-api: [BatchLogger] No verifications, skip flush
2025-07-26 23:35:15 [DEBUG] face-presence-api: [BatchLogger] No registrations, skip flush
2025-07-26 23:35:15 [DEBUG] face-presence-api: [BatchLogger] No durations, skip flush
2025-07-26 23:35:25 [DEBUG] face-presence-api: [BatchLogger] No durations, skip flush
2025-07-26 23:35:35 [DEBUG] face-presence-api: [BatchLogger] No durations, skip flush
2025-07-26 23:35:45 [DEBUG] face-presence-api: [BatchLogger] No registrations, skip flush
2025-07-26 23:35:45 [DEBUG] face-presence-api: [BatchLogger] No verifications, skip flush
2025-07-26 23:35:45 [DEBUG] face-presence-api: [BatchLogger] No durations, skip flush
2025-07-26 23:35:55 [DEBUG] face-presence-api: [BatchLogger] No durations, skip flush
2025-07-26 23:36:05 [DEBUG] face-presence-api: [BatchLogger] No durations, skip flush
2025-07-26 23:36:15 [DEBUG] face-presence-api: [BatchLogger] No verifications, skip flush
2025-07-26 23:36:15 [DEBUG] face-presence-api: [BatchLogger] No registrations, skip flush
2025-07-26 23:36:15 [DEBUG] face-presence-api: [BatchLogger] No durations, skip flush
2025-07-26 23:36:25 [DEBUG] face-presence-api: [BatchLogger] No durations, skip flush
2025-07-26 23:36:33 [DEBUG] python_multipart.multipart: Calling on_part_begin with no data
2025-07-26 23:36:33 [DEBUG] python_multipart.multipart: Calling on_header_field with data[42:61]
2025-07-26 23:36:33 [DEBUG] python_multipart.multipart: Calling on_header_value with data[63:88]
2025-07-26 23:36:33 [DEBUG] python_multipart.multipart: Calling on_header_end with no data
2025-07-26 23:36:33 [DEBUG] python_multipart.multipart: Calling on_headers_finished with no data
2025-07-26 23:36:33 [DEBUG] python_multipart.multipart: Calling on_part_data with data[92:94]
2025-07-26 23:36:33 [DEBUG] python_multipart.multipart: Calling on_part_end with no data
2025-07-26 23:36:33 [DEBUG] python_multipart.multipart: Calling on_end with no data
2025-07-26 23:36:33 [INFO] face-presence-api: Checking status for user: 53
2025-07-26 23:36:33 [INFO] face-presence-api: User 53 has not registered.
2025-07-26 23:36:36 [DEBUG] face-presence-api: [BatchLogger] No durations, skip flush
2025-07-26 23:36:45 [DEBUG] face-presence-api: [BatchLogger] No registrations, skip flush
2025-07-26 23:36:45 [DEBUG] face-presence-api: [BatchLogger] No verifications, skip flush
2025-07-26 23:36:46 [DEBUG] face-presence-api: [BatchLogger] No durations, skip flush
2025-07-26 23:36:56 [DEBUG] face-presence-api: [BatchLogger] No durations, skip flush
2025-07-26 23:37:06 [DEBUG] face-presence-api: [BatchLogger] No durations, skip flush
2025-07-26 23:37:15 [DEBUG] face-presence-api: [BatchLogger] No verifications, skip flush
2025-07-26 23:37:15 [DEBUG] face-presence-api: [BatchLogger] No registrations, skip flush
2025-07-26 23:37:16 [DEBUG] face-presence-api: [BatchLogger] No durations, skip flush
2025-07-26 23:37:26 [DEBUG] face-presence-api: [BatchLogger] No durations, skip flush
2025-07-26 23:37:36 [DEBUG] face-presence-api: [BatchLogger] No durations, skip flush
2025-07-26 23:37:39 [DEBUG] python_multipart.multipart: Calling on_part_begin with no data
2025-07-26 23:37:39 [DEBUG] python_multipart.multipart: Calling on_header_field with data[42:61]
2025-07-26 23:37:39 [DEBUG] python_multipart.multipart: Calling on_header_value with data[63:88]
2025-07-26 23:37:39 [DEBUG] python_multipart.multipart: Calling on_header_end with no data
2025-07-26 23:37:39 [DEBUG] python_multipart.multipart: Calling on_headers_finished with no data
2025-07-26 23:37:39 [DEBUG] python_multipart.multipart: Calling on_part_data with data[92:94]
2025-07-26 23:37:39 [DEBUG] python_multipart.multipart: Calling on_part_end with no data
2025-07-26 23:37:39 [DEBUG] python_multipart.multipart: Calling on_end with no data
2025-07-26 23:37:39 [INFO] face-presence-api: Checking status for user: 53
2025-07-26 23:37:39 [INFO] face-presence-api: User 53 has not registered.
2025-07-26 23:37:45 [DEBUG] face-presence-api: [BatchLogger] No registrations, skip flush
2025-07-26 23:37:45 [DEBUG] face-presence-api: [BatchLogger] No verifications, skip flush
2025-07-26 23:37:46 [DEBUG] face-presence-api: [BatchLogger] No durations, skip flush
2025-07-26 23:37:56 [DEBUG] face-presence-api: [BatchLogger] No durations, skip flush
2025-07-26 23:38:06 [DEBUG] face-presence-api: [BatchLogger] No durations, skip flush
2025-07-26 23:38:15 [DEBUG] face-presence-api: [BatchLogger] No registrations, skip flush
2025-07-26 23:38:15 [DEBUG] face-presence-api: [BatchLogger] No verifications, skip flush
2025-07-26 23:38:16 [DEBUG] face-presence-api: [BatchLogger] No durations, skip flush
2025-07-26 23:38:26 [DEBUG] face-presence-api: [BatchLogger] No durations, skip flush
2025-07-26 23:38:36 [DEBUG] face-presence-api: [BatchLogger] No durations, skip flush
2025-07-26 23:38:45 [DEBUG] face-presence-api: [BatchLogger] No verifications, skip flush
2025-07-26 23:38:45 [DEBUG] face-presence-api: [BatchLogger] No registrations, skip flush
2025-07-26 23:38:46 [DEBUG] face-presence-api: [BatchLogger] No durations, skip flush
2025-07-26 23:38:56 [DEBUG] face-presence-api: [BatchLogger] No durations, skip flush
2025-07-26 23:38:59 [DEBUG] python_multipart.multipart: Calling on_part_begin with no data
2025-07-26 23:38:59 [DEBUG] python_multipart.multipart: Calling on_header_field with data[42:61]
2025-07-26 23:38:59 [DEBUG] python_multipart.multipart: Calling on_header_value with data[63:88]
2025-07-26 23:38:59 [DEBUG] python_multipart.multipart: Calling on_header_end with no data
2025-07-26 23:38:59 [DEBUG] python_multipart.multipart: Calling on_headers_finished with no data
2025-07-26 23:38:59 [DEBUG] python_multipart.multipart: Calling on_part_data with data[92:94]
2025-07-26 23:38:59 [DEBUG] python_multipart.multipart: Calling on_part_end with no data
2025-07-26 23:38:59 [DEBUG] python_multipart.multipart: Calling on_end with no data
2025-07-26 23:38:59 [INFO] face-presence-api: Checking status for user: 53
2025-07-26 23:38:59 [INFO] face-presence-api: User 53 has not registered.
2025-07-26 23:39:06 [DEBUG] face-presence-api: [BatchLogger] No durations, skip flush
2025-07-26 23:39:15 [DEBUG] face-presence-api: [BatchLogger] No registrations, skip flush
2025-07-26 23:39:15 [DEBUG] face-presence-api: [BatchLogger] No verifications, skip flush
2025-07-26 23:39:16 [DEBUG] face-presence-api: [BatchLogger] No durations, skip flush
2025-07-26 23:39:26 [DEBUG] face-presence-api: [BatchLogger] No durations, skip flush
2025-07-26 23:39:33 [DEBUG] python_multipart.multipart: Calling on_part_begin with no data
2025-07-26 23:39:33 [DEBUG] python_multipart.multipart: Calling on_header_field with data[42:61]
2025-07-26 23:39:33 [DEBUG] python_multipart.multipart: Calling on_header_value with data[63:88]
2025-07-26 23:39:33 [DEBUG] python_multipart.multipart: Calling on_header_end with no data
2025-07-26 23:39:33 [DEBUG] python_multipart.multipart: Calling on_headers_finished with no data
2025-07-26 23:39:33 [DEBUG] python_multipart.multipart: Calling on_part_data with data[92:94]
2025-07-26 23:39:33 [DEBUG] python_multipart.multipart: Calling on_part_end with no data
2025-07-26 23:39:33 [DEBUG] python_multipart.multipart: Calling on_end with no data
2025-07-26 23:39:33 [INFO] face-presence-api: Checking status for user: 53
2025-07-26 23:39:33 [INFO] face-presence-api: User 53 has not registered.
2025-07-26 23:39:36 [DEBUG] face-presence-api: [BatchLogger] No durations, skip flush
2025-07-26 23:39:45 [DEBUG] face-presence-api: [BatchLogger] No verifications, skip flush
2025-07-26 23:39:45 [DEBUG] face-presence-api: [BatchLogger] No registrations, skip flush
2025-07-26 23:39:46 [DEBUG] face-presence-api: [BatchLogger] No durations, skip flush
2025-07-26 23:39:56 [DEBUG] face-presence-api: [BatchLogger] No durations, skip flush
2025-07-26 23:40:06 [DEBUG] face-presence-api: [BatchLogger] No durations, skip flush
2025-07-26 23:40:15 [DEBUG] face-presence-api: [BatchLogger] No verifications, skip flush
2025-07-26 23:40:15 [DEBUG] face-presence-api: [BatchLogger] No registrations, skip flush
2025-07-26 23:40:16 [DEBUG] face-presence-api: [BatchLogger] No durations, skip flush
2025-07-26 23:40:26 [DEBUG] face-presence-api: [BatchLogger] No durations, skip flush
2025-07-26 23:40:36 [DEBUG] face-presence-api: [BatchLogger] No durations, skip flush
2025-07-26 23:40:45 [DEBUG] face-presence-api: [BatchLogger] No registrations, skip flush
2025-07-26 23:40:45 [DEBUG] face-presence-api: [BatchLogger] No verifications, skip flush
2025-07-26 23:40:46 [DEBUG] face-presence-api: [BatchLogger] No durations, skip flush
2025-07-26 23:40:56 [DEBUG] face-presence-api: [BatchLogger] No durations, skip flush
2025-07-26 23:41:06 [DEBUG] face-presence-api: [BatchLogger] No durations, skip flush
2025-07-26 23:41:15 [DEBUG] face-presence-api: [BatchLogger] No verifications, skip flush
2025-07-26 23:41:15 [DEBUG] face-presence-api: [BatchLogger] No registrations, skip flush
2025-07-26 23:41:16 [DEBUG] face-presence-api: [BatchLogger] No durations, skip flush
2025-07-26 23:41:26 [DEBUG] face-presence-api: [BatchLogger] No durations, skip flush
2025-07-26 23:41:36 [DEBUG] face-presence-api: [BatchLogger] No durations, skip flush
2025-07-26 23:41:45 [DEBUG] face-presence-api: [BatchLogger] No registrations, skip flush
2025-07-26 23:41:45 [DEBUG] face-presence-api: [BatchLogger] No verifications, skip flush
2025-07-26 23:41:46 [DEBUG] face-presence-api: [BatchLogger] No durations, skip flush
2025-07-26 23:41:51 [DEBUG] python_multipart.multipart: Calling on_part_begin with no data
2025-07-26 23:41:51 [DEBUG] python_multipart.multipart: Calling on_header_field with data[42:61]
2025-07-26 23:41:51 [DEBUG] python_multipart.multipart: Calling on_header_value with data[63:88]
2025-07-26 23:41:51 [DEBUG] python_multipart.multipart: Calling on_header_end with no data
2025-07-26 23:41:51 [DEBUG] python_multipart.multipart: Calling on_headers_finished with no data
2025-07-26 23:41:51 [DEBUG] python_multipart.multipart: Calling on_part_data with data[92:94]
2025-07-26 23:41:51 [DEBUG] python_multipart.multipart: Calling on_part_end with no data
2025-07-26 23:41:51 [DEBUG] python_multipart.multipart: Calling on_end with no data
2025-07-26 23:41:51 [INFO] face-presence-api: Checking status for user: 53
2025-07-26 23:41:51 [INFO] face-presence-api: User 53 has not registered.
2025-07-26 23:41:56 [DEBUG] python_multipart.multipart: Calling on_part_begin with no data
2025-07-26 23:41:56 [DEBUG] python_multipart.multipart: Calling on_header_field with data[42:61]
2025-07-26 23:41:56 [DEBUG] python_multipart.multipart: Calling on_header_value with data[63:88]
2025-07-26 23:41:56 [DEBUG] python_multipart.multipart: Calling on_header_end with no data
2025-07-26 23:41:56 [DEBUG] python_multipart.multipart: Calling on_headers_finished with no data
2025-07-26 23:41:56 [DEBUG] python_multipart.multipart: Calling on_part_data with data[92:94]
2025-07-26 23:41:56 [DEBUG] python_multipart.multipart: Calling on_part_end with no data
2025-07-26 23:41:56 [DEBUG] python_multipart.multipart: Calling on_end with no data
2025-07-26 23:41:56 [INFO] face-presence-api: Checking status for user: 53
2025-07-26 23:41:56 [INFO] face-presence-api: User 53 has not registered.
2025-07-26 23:41:56 [DEBUG] face-presence-api: [BatchLogger] No durations, skip flush
2025-07-26 23:42:02 [DEBUG] python_multipart.multipart: Calling on_part_begin with no data
2025-07-26 23:42:02 [DEBUG] python_multipart.multipart: Calling on_header_field with data[42:61]
2025-07-26 23:42:02 [DEBUG] python_multipart.multipart: Calling on_header_value with data[63:88]
2025-07-26 23:42:02 [DEBUG] python_multipart.multipart: Calling on_header_end with no data
2025-07-26 23:42:02 [DEBUG] python_multipart.multipart: Calling on_headers_finished with no data
2025-07-26 23:42:02 [DEBUG] python_multipart.multipart: Calling on_part_data with data[92:94]
2025-07-26 23:42:02 [DEBUG] python_multipart.multipart: Calling on_part_end with no data
2025-07-26 23:42:02 [DEBUG] python_multipart.multipart: Calling on_end with no data
2025-07-26 23:42:02 [INFO] face-presence-api: Checking status for user: 53
2025-07-26 23:42:02 [INFO] face-presence-api: User 53 has not registered.
2025-07-26 23:42:06 [DEBUG] face-presence-api: [BatchLogger] No durations, skip flush
2025-07-26 23:42:07 [DEBUG] python_multipart.multipart: Calling on_part_begin with no data
2025-07-26 23:42:07 [DEBUG] python_multipart.multipart: Calling on_header_field with data[42:61]
2025-07-26 23:42:07 [DEBUG] python_multipart.multipart: Calling on_header_value with data[63:88]
2025-07-26 23:42:07 [DEBUG] python_multipart.multipart: Calling on_header_end with no data
2025-07-26 23:42:07 [DEBUG] python_multipart.multipart: Calling on_headers_finished with no data
2025-07-26 23:42:07 [DEBUG] python_multipart.multipart: Calling on_part_data with data[92:94]
2025-07-26 23:42:07 [DEBUG] python_multipart.multipart: Calling on_part_end with no data
2025-07-26 23:42:07 [DEBUG] python_multipart.multipart: Calling on_end with no data
2025-07-26 23:42:07 [INFO] face-presence-api: Checking status for user: 53
2025-07-26 23:42:07 [INFO] face-presence-api: User 53 has not registered.
2025-07-26 23:42:12 [DEBUG] python_multipart.multipart: Calling on_part_begin with no data
2025-07-26 23:42:12 [DEBUG] python_multipart.multipart: Calling on_header_field with data[42:61]
2025-07-26 23:42:12 [DEBUG] python_multipart.multipart: Calling on_header_value with data[63:88]
2025-07-26 23:42:12 [DEBUG] python_multipart.multipart: Calling on_header_end with no data
2025-07-26 23:42:12 [DEBUG] python_multipart.multipart: Calling on_headers_finished with no data
2025-07-26 23:42:12 [DEBUG] python_multipart.multipart: Calling on_part_data with data[92:94]
2025-07-26 23:42:12 [DEBUG] python_multipart.multipart: Calling on_part_end with no data
2025-07-26 23:42:12 [DEBUG] python_multipart.multipart: Calling on_end with no data
2025-07-26 23:42:12 [INFO] face-presence-api: Checking status for user: 53
2025-07-26 23:42:12 [INFO] face-presence-api: User 53 has not registered.
2025-07-26 23:42:15 [DEBUG] face-presence-api: [BatchLogger] No verifications, skip flush
2025-07-26 23:42:15 [DEBUG] face-presence-api: [BatchLogger] No registrations, skip flush
2025-07-26 23:42:16 [DEBUG] face-presence-api: [BatchLogger] No durations, skip flush
2025-07-26 23:42:26 [DEBUG] face-presence-api: [BatchLogger] No durations, skip flush
2025-07-26 23:42:36 [DEBUG] face-presence-api: [BatchLogger] No durations, skip flush
2025-07-26 23:42:36 [DEBUG] python_multipart.multipart: Calling on_part_begin with no data
2025-07-26 23:42:36 [DEBUG] python_multipart.multipart: Calling on_header_field with data[42:61]
2025-07-26 23:42:36 [DEBUG] python_multipart.multipart: Calling on_header_value with data[63:88]
2025-07-26 23:42:36 [DEBUG] python_multipart.multipart: Calling on_header_end with no data
2025-07-26 23:42:36 [DEBUG] python_multipart.multipart: Calling on_headers_finished with no data
2025-07-26 23:42:36 [DEBUG] python_multipart.multipart: Calling on_part_data with data[92:94]
2025-07-26 23:42:36 [DEBUG] python_multipart.multipart: Calling on_part_end with no data
2025-07-26 23:42:36 [DEBUG] python_multipart.multipart: Calling on_end with no data
2025-07-26 23:42:36 [INFO] face-presence-api: Checking status for user: 53
2025-07-26 23:42:36 [INFO] face-presence-api: User 53 has not registered.
2025-07-26 23:42:45 [DEBUG] face-presence-api: [BatchLogger] No verifications, skip flush
2025-07-26 23:42:45 [DEBUG] face-presence-api: [BatchLogger] No registrations, skip flush
2025-07-26 23:42:46 [DEBUG] face-presence-api: [BatchLogger] No durations, skip flush
2025-07-26 23:42:51 [DEBUG] python_multipart.multipart: Calling on_part_begin with no data
2025-07-26 23:42:51 [DEBUG] python_multipart.multipart: Calling on_header_field with data[42:61]
2025-07-26 23:42:51 [DEBUG] python_multipart.multipart: Calling on_header_value with data[63:88]
2025-07-26 23:42:51 [DEBUG] python_multipart.multipart: Calling on_header_end with no data
2025-07-26 23:42:51 [DEBUG] python_multipart.multipart: Calling on_headers_finished with no data
2025-07-26 23:42:51 [DEBUG] python_multipart.multipart: Calling on_part_data with data[92:94]
2025-07-26 23:42:51 [DEBUG] python_multipart.multipart: Calling on_part_end with no data
2025-07-26 23:42:51 [DEBUG] python_multipart.multipart: Calling on_end with no data
2025-07-26 23:42:51 [INFO] face-presence-api: Checking status for user: 53
2025-07-26 23:42:51 [INFO] face-presence-api: User 53 has not registered.
2025-07-26 23:42:56 [DEBUG] face-presence-api: [BatchLogger] No durations, skip flush
2025-07-26 23:43:06 [DEBUG] face-presence-api: [BatchLogger] No durations, skip flush
2025-07-26 23:43:15 [DEBUG] face-presence-api: [BatchLogger] No registrations, skip flush
2025-07-26 23:43:15 [DEBUG] face-presence-api: [BatchLogger] No verifications, skip flush
2025-07-26 23:43:16 [DEBUG] face-presence-api: [BatchLogger] No durations, skip flush
2025-07-26 23:43:17 [DEBUG] python_multipart.multipart: Calling on_part_begin with no data
2025-07-26 23:43:17 [DEBUG] python_multipart.multipart: Calling on_header_field with data[42:61]
2025-07-26 23:43:17 [DEBUG] python_multipart.multipart: Calling on_header_value with data[63:88]
2025-07-26 23:43:17 [DEBUG] python_multipart.multipart: Calling on_header_end with no data
2025-07-26 23:43:17 [DEBUG] python_multipart.multipart: Calling on_headers_finished with no data
2025-07-26 23:43:17 [DEBUG] python_multipart.multipart: Calling on_part_data with data[92:94]
2025-07-26 23:43:17 [DEBUG] python_multipart.multipart: Calling on_part_end with no data
2025-07-26 23:43:17 [DEBUG] python_multipart.multipart: Calling on_end with no data
2025-07-26 23:43:17 [INFO] face-presence-api: Checking status for user: 53
2025-07-26 23:43:17 [INFO] face-presence-api: User 53 has not registered.
2025-07-26 23:43:26 [DEBUG] face-presence-api: [BatchLogger] No durations, skip flush
2025-07-26 23:43:36 [DEBUG] face-presence-api: [BatchLogger] No durations, skip flush
2025-07-26 23:43:39 [DEBUG] python_multipart.multipart: Calling on_part_begin with no data
2025-07-26 23:43:39 [DEBUG] python_multipart.multipart: Calling on_header_field with data[42:61]
2025-07-26 23:43:39 [DEBUG] python_multipart.multipart: Calling on_header_value with data[63:88]
2025-07-26 23:43:39 [DEBUG] python_multipart.multipart: Calling on_header_end with no data
2025-07-26 23:43:39 [DEBUG] python_multipart.multipart: Calling on_headers_finished with no data
2025-07-26 23:43:39 [DEBUG] python_multipart.multipart: Calling on_part_data with data[92:94]
2025-07-26 23:43:39 [DEBUG] python_multipart.multipart: Calling on_part_end with no data
2025-07-26 23:43:39 [DEBUG] python_multipart.multipart: Calling on_end with no data
2025-07-26 23:43:39 [INFO] face-presence-api: Checking status for user: 53
2025-07-26 23:43:39 [INFO] face-presence-api: User 53 has not registered.
2025-07-26 23:43:45 [DEBUG] face-presence-api: [BatchLogger] No verifications, skip flush
2025-07-26 23:43:45 [DEBUG] face-presence-api: [BatchLogger] No registrations, skip flush
2025-07-26 23:43:46 [DEBUG] face-presence-api: [BatchLogger] No durations, skip flush
2025-07-26 23:43:53 [DEBUG] python_multipart.multipart: Calling on_part_begin with no data
2025-07-26 23:43:53 [DEBUG] python_multipart.multipart: Calling on_header_field with data[42:61]
2025-07-26 23:43:53 [DEBUG] python_multipart.multipart: Calling on_header_value with data[63:88]
2025-07-26 23:43:53 [DEBUG] python_multipart.multipart: Calling on_header_end with no data
2025-07-26 23:43:53 [DEBUG] python_multipart.multipart: Calling on_headers_finished with no data
2025-07-26 23:43:53 [DEBUG] python_multipart.multipart: Calling on_part_data with data[92:94]
2025-07-26 23:43:53 [DEBUG] python_multipart.multipart: Calling on_part_end with no data
2025-07-26 23:43:53 [DEBUG] python_multipart.multipart: Calling on_end with no data
2025-07-26 23:43:53 [INFO] face-presence-api: Checking status for user: 53
2025-07-26 23:43:53 [INFO] face-presence-api: User 53 has not registered.
2025-07-26 23:43:56 [DEBUG] face-presence-api: [BatchLogger] No durations, skip flush
2025-07-26 23:44:02 [DEBUG] python_multipart.multipart: Calling on_part_begin with no data
2025-07-26 23:44:02 [DEBUG] python_multipart.multipart: Calling on_header_field with data[42:61]
2025-07-26 23:44:02 [DEBUG] python_multipart.multipart: Calling on_header_value with data[63:88]
2025-07-26 23:44:02 [DEBUG] python_multipart.multipart: Calling on_header_end with no data
2025-07-26 23:44:02 [DEBUG] python_multipart.multipart: Calling on_headers_finished with no data
2025-07-26 23:44:02 [DEBUG] python_multipart.multipart: Calling on_part_data with data[92:94]
2025-07-26 23:44:02 [DEBUG] python_multipart.multipart: Calling on_part_end with no data
2025-07-26 23:44:02 [DEBUG] python_multipart.multipart: Calling on_end with no data
2025-07-26 23:44:02 [INFO] face-presence-api: Checking status for user: 53
2025-07-26 23:44:02 [INFO] face-presence-api: User 53 has not registered.
2025-07-26 23:44:06 [DEBUG] face-presence-api: [BatchLogger] No durations, skip flush
2025-07-26 23:44:15 [DEBUG] face-presence-api: [BatchLogger] No registrations, skip flush
2025-07-26 23:44:15 [DEBUG] face-presence-api: [BatchLogger] No verifications, skip flush
2025-07-26 23:44:16 [DEBUG] face-presence-api: [BatchLogger] No durations, skip flush
2025-07-26 23:44:26 [DEBUG] face-presence-api: [BatchLogger] No durations, skip flush
2025-07-26 23:44:27 [DEBUG] python_multipart.multipart: Calling on_part_begin with no data
2025-07-26 23:44:27 [DEBUG] python_multipart.multipart: Calling on_header_field with data[42:61]
2025-07-26 23:44:27 [DEBUG] python_multipart.multipart: Calling on_header_value with data[63:88]
2025-07-26 23:44:27 [DEBUG] python_multipart.multipart: Calling on_header_end with no data
2025-07-26 23:44:27 [DEBUG] python_multipart.multipart: Calling on_headers_finished with no data
2025-07-26 23:44:27 [DEBUG] python_multipart.multipart: Calling on_part_data with data[92:94]
2025-07-26 23:44:27 [DEBUG] python_multipart.multipart: Calling on_part_end with no data
2025-07-26 23:44:27 [DEBUG] python_multipart.multipart: Calling on_end with no data
2025-07-26 23:44:27 [INFO] face-presence-api: Checking status for user: 53
2025-07-26 23:44:27 [INFO] face-presence-api: User 53 has not registered.
2025-07-26 23:44:36 [DEBUG] face-presence-api: [BatchLogger] No durations, skip flush
2025-07-26 23:44:46 [DEBUG] face-presence-api: [BatchLogger] No verifications, skip flush
2025-07-26 23:44:46 [DEBUG] face-presence-api: [BatchLogger] No registrations, skip flush
2025-07-26 23:44:46 [DEBUG] face-presence-api: [BatchLogger] No durations, skip flush
2025-07-26 23:44:47 [DEBUG] python_multipart.multipart: Calling on_part_begin with no data
2025-07-26 23:44:47 [DEBUG] python_multipart.multipart: Calling on_header_field with data[42:61]
2025-07-26 23:44:47 [DEBUG] python_multipart.multipart: Calling on_header_value with data[63:88]
2025-07-26 23:44:47 [DEBUG] python_multipart.multipart: Calling on_header_end with no data
2025-07-26 23:44:47 [DEBUG] python_multipart.multipart: Calling on_headers_finished with no data
2025-07-26 23:44:47 [DEBUG] python_multipart.multipart: Calling on_part_data with data[92:94]
2025-07-26 23:44:47 [DEBUG] python_multipart.multipart: Calling on_part_end with no data
2025-07-26 23:44:47 [DEBUG] python_multipart.multipart: Calling on_end with no data
2025-07-26 23:44:47 [INFO] face-presence-api: Checking status for user: 53
2025-07-26 23:44:47 [INFO] face-presence-api: User 53 has not registered.
2025-07-26 23:44:56 [DEBUG] face-presence-api: [BatchLogger] No durations, skip flush
2025-07-26 23:45:06 [DEBUG] face-presence-api: [BatchLogger] No durations, skip flush
2025-07-26 23:45:16 [DEBUG] face-presence-api: [BatchLogger] No registrations, skip flush
2025-07-26 23:45:16 [DEBUG] face-presence-api: [BatchLogger] No verifications, skip flush
2025-07-26 23:45:16 [DEBUG] python_multipart.multipart: Calling on_part_begin with no data
2025-07-26 23:45:16 [DEBUG] python_multipart.multipart: Calling on_header_field with data[42:61]
2025-07-26 23:45:16 [DEBUG] python_multipart.multipart: Calling on_header_value with data[63:88]
2025-07-26 23:45:16 [DEBUG] python_multipart.multipart: Calling on_header_end with no data
2025-07-26 23:45:16 [DEBUG] python_multipart.multipart: Calling on_headers_finished with no data
2025-07-26 23:45:16 [DEBUG] python_multipart.multipart: Calling on_part_data with data[92:94]
2025-07-26 23:45:16 [DEBUG] python_multipart.multipart: Calling on_part_end with no data
2025-07-26 23:45:16 [DEBUG] python_multipart.multipart: Calling on_end with no data
2025-07-26 23:45:16 [INFO] face-presence-api: Checking status for user: 53
2025-07-26 23:45:16 [INFO] face-presence-api: User 53 has not registered.
2025-07-26 23:45:16 [DEBUG] face-presence-api: [BatchLogger] No durations, skip flush
2025-07-26 23:45:26 [DEBUG] face-presence-api: [BatchLogger] No durations, skip flush
2025-07-26 23:45:36 [DEBUG] face-presence-api: [BatchLogger] No durations, skip flush
2025-07-26 23:45:46 [DEBUG] face-presence-api: [BatchLogger] No verifications, skip flush
2025-07-26 23:45:46 [DEBUG] face-presence-api: [BatchLogger] No registrations, skip flush
2025-07-26 23:45:46 [DEBUG] face-presence-api: [BatchLogger] No durations, skip flush
2025-07-26 23:45:51 [DEBUG] python_multipart.multipart: Calling on_part_begin with no data
2025-07-26 23:45:51 [DEBUG] python_multipart.multipart: Calling on_header_field with data[42:61]
2025-07-26 23:45:51 [DEBUG] python_multipart.multipart: Calling on_header_value with data[63:88]
2025-07-26 23:45:51 [DEBUG] python_multipart.multipart: Calling on_header_end with no data
2025-07-26 23:45:51 [DEBUG] python_multipart.multipart: Calling on_headers_finished with no data
2025-07-26 23:45:51 [DEBUG] python_multipart.multipart: Calling on_part_data with data[92:94]
2025-07-26 23:45:51 [DEBUG] python_multipart.multipart: Calling on_part_end with no data
2025-07-26 23:45:51 [DEBUG] python_multipart.multipart: Calling on_end with no data
2025-07-26 23:45:51 [INFO] face-presence-api: Checking status for user: 53
2025-07-26 23:45:51 [INFO] face-presence-api: User 53 has not registered.
2025-07-26 23:45:56 [DEBUG] face-presence-api: [BatchLogger] No durations, skip flush
2025-07-26 23:46:06 [DEBUG] face-presence-api: [BatchLogger] No durations, skip flush
2025-07-26 23:46:16 [DEBUG] face-presence-api: [BatchLogger] No registrations, skip flush
2025-07-26 23:46:16 [DEBUG] face-presence-api: [BatchLogger] No verifications, skip flush
2025-07-26 23:46:16 [DEBUG] face-presence-api: [BatchLogger] No durations, skip flush
2025-07-26 23:46:26 [DEBUG] face-presence-api: [BatchLogger] No durations, skip flush
2025-07-26 23:46:27 [DEBUG] python_multipart.multipart: Calling on_part_begin with no data
2025-07-26 23:46:27 [DEBUG] python_multipart.multipart: Calling on_header_field with data[42:61]
2025-07-26 23:46:27 [DEBUG] python_multipart.multipart: Calling on_header_value with data[63:88]
2025-07-26 23:46:27 [DEBUG] python_multipart.multipart: Calling on_header_end with no data
2025-07-26 23:46:27 [DEBUG] python_multipart.multipart: Calling on_headers_finished with no data
2025-07-26 23:46:27 [DEBUG] python_multipart.multipart: Calling on_part_data with data[92:94]
2025-07-26 23:46:27 [DEBUG] python_multipart.multipart: Calling on_part_end with no data
2025-07-26 23:46:27 [DEBUG] python_multipart.multipart: Calling on_end with no data
2025-07-26 23:46:27 [INFO] face-presence-api: Checking status for user: 53
2025-07-26 23:46:27 [INFO] face-presence-api: User 53 has not registered.
2025-07-26 23:46:36 [DEBUG] face-presence-api: [BatchLogger] No durations, skip flush
2025-07-26 23:46:44 [DEBUG] python_multipart.multipart: Calling on_part_begin with no data
2025-07-26 23:46:44 [DEBUG] python_multipart.multipart: Calling on_header_field with data[42:61]
2025-07-26 23:46:44 [DEBUG] python_multipart.multipart: Calling on_header_value with data[63:88]
2025-07-26 23:46:44 [DEBUG] python_multipart.multipart: Calling on_header_end with no data
2025-07-26 23:46:44 [DEBUG] python_multipart.multipart: Calling on_headers_finished with no data
2025-07-26 23:46:44 [DEBUG] python_multipart.multipart: Calling on_part_data with data[92:94]
2025-07-26 23:46:44 [DEBUG] python_multipart.multipart: Calling on_part_end with no data
2025-07-26 23:46:44 [DEBUG] python_multipart.multipart: Calling on_end with no data
2025-07-26 23:46:44 [INFO] face-presence-api: Checking status for user: 53
2025-07-26 23:46:44 [INFO] face-presence-api: User 53 has not registered.
2025-07-26 23:46:46 [DEBUG] face-presence-api: [BatchLogger] No verifications, skip flush
2025-07-26 23:46:46 [DEBUG] face-presence-api: [BatchLogger] No registrations, skip flush
2025-07-26 23:46:46 [DEBUG] face-presence-api: [BatchLogger] No durations, skip flush
2025-07-26 23:46:56 [DEBUG] face-presence-api: [BatchLogger] No durations, skip flush
2025-07-26 23:47:06 [DEBUG] face-presence-api: [BatchLogger] No durations, skip flush
2025-07-26 23:47:16 [DEBUG] face-presence-api: [BatchLogger] No verifications, skip flush
2025-07-26 23:47:16 [DEBUG] face-presence-api: [BatchLogger] No registrations, skip flush
2025-07-26 23:47:16 [DEBUG] face-presence-api: [BatchLogger] No durations, skip flush
2025-07-26 23:47:26 [DEBUG] face-presence-api: [BatchLogger] No durations, skip flush
2025-07-26 23:47:36 [DEBUG] face-presence-api: [BatchLogger] No durations, skip flush
2025-07-26 23:47:46 [DEBUG] face-presence-api: [BatchLogger] No registrations, skip flush
2025-07-26 23:47:46 [DEBUG] face-presence-api: [BatchLogger] No verifications, skip flush
2025-07-26 23:47:46 [DEBUG] face-presence-api: [BatchLogger] No durations, skip flush
2025-07-26 23:47:56 [DEBUG] face-presence-api: [BatchLogger] No durations, skip flush
2025-07-26 23:48:06 [DEBUG] face-presence-api: [BatchLogger] No durations, skip flush
2025-07-26 23:48:16 [DEBUG] face-presence-api: [BatchLogger] No verifications, skip flush
2025-07-26 23:48:16 [DEBUG] face-presence-api: [BatchLogger] No registrations, skip flush
2025-07-26 23:48:16 [DEBUG] face-presence-api: [BatchLogger] No durations, skip flush
2025-07-26 23:48:26 [DEBUG] face-presence-api: [BatchLogger] No durations, skip flush
2025-07-26 23:48:36 [DEBUG] face-presence-api: [BatchLogger] No durations, skip flush
2025-07-26 23:48:36 [DEBUG] python_multipart.multipart: Calling on_part_begin with no data
2025-07-26 23:48:36 [DEBUG] python_multipart.multipart: Calling on_header_field with data[42:61]
2025-07-26 23:48:36 [DEBUG] python_multipart.multipart: Calling on_header_value with data[63:88]
2025-07-26 23:48:36 [DEBUG] python_multipart.multipart: Calling on_header_end with no data
2025-07-26 23:48:36 [DEBUG] python_multipart.multipart: Calling on_headers_finished with no data
2025-07-26 23:48:36 [DEBUG] python_multipart.multipart: Calling on_part_data with data[92:94]
2025-07-26 23:48:36 [DEBUG] python_multipart.multipart: Calling on_part_end with no data
2025-07-26 23:48:36 [DEBUG] python_multipart.multipart: Calling on_end with no data
2025-07-26 23:48:36 [INFO] face-presence-api: Checking status for user: 53
2025-07-26 23:48:36 [INFO] face-presence-api: User 53 has not registered.
2025-07-26 23:48:46 [DEBUG] face-presence-api: [BatchLogger] No verifications, skip flush
2025-07-26 23:48:46 [DEBUG] face-presence-api: [BatchLogger] No registrations, skip flush
2025-07-26 23:48:46 [DEBUG] face-presence-api: [BatchLogger] No durations, skip flush
2025-07-26 23:48:56 [DEBUG] face-presence-api: [BatchLogger] No durations, skip flush
2025-07-26 23:49:06 [DEBUG] face-presence-api: [BatchLogger] No durations, skip flush
2025-07-26 23:49:16 [DEBUG] face-presence-api: [BatchLogger] No registrations, skip flush
2025-07-26 23:49:16 [DEBUG] face-presence-api: [BatchLogger] No verifications, skip flush
2025-07-26 23:49:16 [DEBUG] face-presence-api: [BatchLogger] No durations, skip flush
2025-07-26 23:49:26 [DEBUG] face-presence-api: [BatchLogger] No durations, skip flush
2025-07-26 23:49:36 [DEBUG] face-presence-api: [BatchLogger] No durations, skip flush
2025-07-26 23:49:46 [DEBUG] face-presence-api: [BatchLogger] No verifications, skip flush
2025-07-26 23:49:46 [DEBUG] face-presence-api: [BatchLogger] No registrations, skip flush
2025-07-26 23:49:46 [DEBUG] face-presence-api: [BatchLogger] No durations, skip flush
2025-07-26 23:49:56 [DEBUG] face-presence-api: [BatchLogger] No durations, skip flush
2025-07-26 23:50:06 [DEBUG] face-presence-api: [BatchLogger] No durations, skip flush
2025-07-26 23:50:16 [DEBUG] face-presence-api: [BatchLogger] No registrations, skip flush
2025-07-26 23:50:16 [DEBUG] face-presence-api: [BatchLogger] No verifications, skip flush
2025-07-26 23:50:16 [DEBUG] face-presence-api: [BatchLogger] No durations, skip flush
2025-07-26 23:50:26 [DEBUG] face-presence-api: [BatchLogger] No durations, skip flush
2025-07-26 23:50:36 [DEBUG] face-presence-api: [BatchLogger] No durations, skip flush
2025-07-26 23:50:46 [DEBUG] face-presence-api: [BatchLogger] No registrations, skip flush
2025-07-26 23:50:46 [DEBUG] face-presence-api: [BatchLogger] No verifications, skip flush
2025-07-26 23:50:46 [DEBUG] face-presence-api: [BatchLogger] No durations, skip flush
2025-07-26 23:50:56 [DEBUG] face-presence-api: [BatchLogger] No durations, skip flush
2025-07-26 23:51:06 [DEBUG] face-presence-api: [BatchLogger] No durations, skip flush
2025-07-26 23:51:16 [DEBUG] face-presence-api: [BatchLogger] No verifications, skip flush
2025-07-26 23:51:16 [DEBUG] face-presence-api: [BatchLogger] No registrations, skip flush
2025-07-26 23:51:16 [DEBUG] face-presence-api: [BatchLogger] No durations, skip flush
2025-07-26 23:51:26 [DEBUG] face-presence-api: [BatchLogger] No durations, skip flush
2025-07-26 23:51:36 [DEBUG] face-presence-api: [BatchLogger] No durations, skip flush
2025-07-26 23:51:46 [DEBUG] face-presence-api: [BatchLogger] No registrations, skip flush
2025-07-26 23:51:46 [DEBUG] face-presence-api: [BatchLogger] No verifications, skip flush
2025-07-26 23:51:46 [DEBUG] face-presence-api: [BatchLogger] No durations, skip flush
2025-07-26 23:51:57 [DEBUG] face-presence-api: [BatchLogger] No durations, skip flush
2025-07-26 23:52:07 [DEBUG] face-presence-api: [BatchLogger] No durations, skip flush
2025-07-26 23:52:16 [DEBUG] face-presence-api: [BatchLogger] No registrations, skip flush
2025-07-26 23:52:16 [DEBUG] face-presence-api: [BatchLogger] No verifications, skip flush
2025-07-26 23:52:17 [DEBUG] face-presence-api: [BatchLogger] No durations, skip flush
2025-07-26 23:52:27 [DEBUG] face-presence-api: [BatchLogger] No durations, skip flush
2025-07-26 23:52:37 [DEBUG] face-presence-api: [BatchLogger] No durations, skip flush
2025-07-26 23:52:46 [DEBUG] face-presence-api: [BatchLogger] No verifications, skip flush
2025-07-26 23:52:46 [DEBUG] face-presence-api: [BatchLogger] No registrations, skip flush
2025-07-26 23:52:47 [DEBUG] face-presence-api: [BatchLogger] No durations, skip flush
2025-07-26 23:52:57 [DEBUG] face-presence-api: [BatchLogger] No durations, skip flush
2025-07-26 23:53:07 [DEBUG] face-presence-api: [BatchLogger] No durations, skip flush
2025-07-26 23:53:16 [DEBUG] face-presence-api: [BatchLogger] No registrations, skip flush
2025-07-26 23:53:16 [DEBUG] face-presence-api: [BatchLogger] No verifications, skip flush
2025-07-26 23:53:17 [DEBUG] face-presence-api: [BatchLogger] No durations, skip flush
2025-07-26 23:53:27 [DEBUG] face-presence-api: [BatchLogger] No durations, skip flush
2025-07-26 23:53:37 [DEBUG] face-presence-api: [BatchLogger] No durations, skip flush
2025-07-26 23:53:46 [DEBUG] face-presence-api: [BatchLogger] No verifications, skip flush
2025-07-26 23:53:46 [DEBUG] face-presence-api: [BatchLogger] No registrations, skip flush
2025-07-26 23:53:47 [DEBUG] face-presence-api: [BatchLogger] No durations, skip flush
2025-07-26 23:53:57 [DEBUG] face-presence-api: [BatchLogger] No durations, skip flush
2025-07-26 23:54:07 [DEBUG] face-presence-api: [BatchLogger] No durations, skip flush
2025-07-26 23:54:16 [DEBUG] face-presence-api: [BatchLogger] No verifications, skip flush
2025-07-26 23:54:16 [DEBUG] face-presence-api: [BatchLogger] No registrations, skip flush
2025-07-26 23:54:17 [DEBUG] face-presence-api: [BatchLogger] No durations, skip flush
2025-07-26 23:54:27 [DEBUG] face-presence-api: [BatchLogger] No durations, skip flush
2025-07-26 23:54:37 [DEBUG] face-presence-api: [BatchLogger] No durations, skip flush
2025-07-26 23:54:46 [DEBUG] face-presence-api: [BatchLogger] No registrations, skip flush
2025-07-26 23:54:46 [DEBUG] face-presence-api: [BatchLogger] No verifications, skip flush
2025-07-26 23:54:47 [DEBUG] face-presence-api: [BatchLogger] No durations, skip flush
2025-07-26 23:54:57 [DEBUG] face-presence-api: [BatchLogger] No durations, skip flush
2025-07-26 23:55:07 [DEBUG] face-presence-api: [BatchLogger] No durations, skip flush
2025-07-26 23:55:16 [DEBUG] face-presence-api: [BatchLogger] No registrations, skip flush
2025-07-26 23:55:16 [DEBUG] face-presence-api: [BatchLogger] No verifications, skip flush
2025-07-26 23:55:17 [DEBUG] face-presence-api: [BatchLogger] No durations, skip flush
2025-07-26 23:55:27 [DEBUG] face-presence-api: [BatchLogger] No durations, skip flush
2025-07-26 23:55:37 [DEBUG] face-presence-api: [BatchLogger] No durations, skip flush
2025-07-26 23:55:46 [DEBUG] face-presence-api: [BatchLogger] No verifications, skip flush
2025-07-26 23:55:46 [DEBUG] face-presence-api: [BatchLogger] No registrations, skip flush
2025-07-26 23:55:47 [DEBUG] face-presence-api: [BatchLogger] No durations, skip flush
2025-07-26 23:55:57 [DEBUG] face-presence-api: [BatchLogger] No durations, skip flush
2025-07-26 23:56:07 [DEBUG] face-presence-api: [BatchLogger] No durations, skip flush
2025-07-26 23:56:16 [DEBUG] face-presence-api: [BatchLogger] No registrations, skip flush
2025-07-26 23:56:16 [DEBUG] face-presence-api: [BatchLogger] No verifications, skip flush
2025-07-26 23:56:17 [DEBUG] face-presence-api: [BatchLogger] No durations, skip flush
2025-07-26 23:56:27 [DEBUG] face-presence-api: [BatchLogger] No durations, skip flush
2025-07-26 23:56:37 [DEBUG] face-presence-api: [BatchLogger] No durations, skip flush
2025-07-26 23:56:46 [DEBUG] face-presence-api: [BatchLogger] No registrations, skip flush
2025-07-26 23:56:46 [DEBUG] face-presence-api: [BatchLogger] No verifications, skip flush
2025-07-26 23:56:47 [DEBUG] face-presence-api: [BatchLogger] No durations, skip flush
2025-07-26 23:56:57 [DEBUG] face-presence-api: [BatchLogger] No durations, skip flush
2025-07-26 23:57:07 [DEBUG] face-presence-api: [BatchLogger] No durations, skip flush
2025-07-26 23:57:16 [DEBUG] face-presence-api: [BatchLogger] No verifications, skip flush
2025-07-26 23:57:16 [DEBUG] face-presence-api: [BatchLogger] No registrations, skip flush
2025-07-26 23:57:17 [DEBUG] face-presence-api: [BatchLogger] No durations, skip flush
2025-07-26 23:57:27 [DEBUG] face-presence-api: [BatchLogger] No durations, skip flush
2025-07-26 23:57:37 [DEBUG] face-presence-api: [BatchLogger] No durations, skip flush
2025-07-26 23:57:46 [DEBUG] face-presence-api: [BatchLogger] No registrations, skip flush
2025-07-26 23:57:46 [DEBUG] face-presence-api: [BatchLogger] No verifications, skip flush
2025-07-26 23:57:47 [DEBUG] face-presence-api: [BatchLogger] No durations, skip flush
2025-07-26 23:57:57 [DEBUG] face-presence-api: [BatchLogger] No durations, skip flush
2025-07-26 23:58:07 [DEBUG] face-presence-api: [BatchLogger] No durations, skip flush
2025-07-26 23:58:16 [DEBUG] face-presence-api: [BatchLogger] No verifications, skip flush
2025-07-26 23:58:16 [DEBUG] face-presence-api: [BatchLogger] No registrations, skip flush
2025-07-26 23:58:17 [DEBUG] face-presence-api: [BatchLogger] No durations, skip flush
2025-07-26 23:58:27 [DEBUG] face-presence-api: [BatchLogger] No durations, skip flush
2025-07-26 23:58:37 [DEBUG] face-presence-api: [BatchLogger] No durations, skip flush
2025-07-26 23:58:46 [DEBUG] face-presence-api: [BatchLogger] No verifications, skip flush
2025-07-26 23:58:46 [DEBUG] face-presence-api: [BatchLogger] No registrations, skip flush
2025-07-26 23:58:47 [DEBUG] face-presence-api: [BatchLogger] No durations, skip flush
2025-07-26 23:58:57 [DEBUG] face-presence-api: [BatchLogger] No durations, skip flush
2025-07-26 23:59:07 [DEBUG] face-presence-api: [BatchLogger] No durations, skip flush
2025-07-26 23:59:16 [DEBUG] face-presence-api: [BatchLogger] No verifications, skip flush
2025-07-26 23:59:16 [DEBUG] face-presence-api: [BatchLogger] No registrations, skip flush
2025-07-26 23:59:17 [DEBUG] face-presence-api: [BatchLogger] No durations, skip flush
2025-07-26 23:59:27 [DEBUG] face-presence-api: [BatchLogger] No durations, skip flush
2025-07-26 23:59:37 [DEBUG] face-presence-api: [BatchLogger] No durations, skip flush
2025-07-26 23:59:46 [DEBUG] face-presence-api: [BatchLogger] No verifications, skip flush
2025-07-26 23:59:46 [DEBUG] face-presence-api: [BatchLogger] No registrations, skip flush
2025-07-26 23:59:47 [DEBUG] face-presence-api: [BatchLogger] No durations, skip flush
2025-07-26 23:59:57 [DEBUG] face-presence-api: [BatchLogger] No durations, skip flush
2025-07-27 00:00:07 [DEBUG] face-presence-api: [BatchLogger] No durations, skip flush
2025-07-27 00:00:16 [DEBUG] face-presence-api: [BatchLogger] No verifications, skip flush
2025-07-27 00:00:16 [DEBUG] face-presence-api: [BatchLogger] No registrations, skip flush
2025-07-27 00:00:17 [DEBUG] face-presence-api: [BatchLogger] No durations, skip flush
2025-07-27 00:00:27 [DEBUG] face-presence-api: [BatchLogger] No durations, skip flush
2025-07-27 00:00:37 [DEBUG] face-presence-api: [BatchLogger] No durations, skip flush
2025-07-27 00:00:46 [DEBUG] face-presence-api: [BatchLogger] No verifications, skip flush
2025-07-27 00:00:46 [DEBUG] face-presence-api: [BatchLogger] No registrations, skip flush
2025-07-27 00:00:47 [DEBUG] face-presence-api: [BatchLogger] No durations, skip flush
2025-07-27 00:00:57 [DEBUG] face-presence-api: [BatchLogger] No durations, skip flush
2025-07-27 00:01:07 [DEBUG] face-presence-api: [BatchLogger] No durations, skip flush
2025-07-27 00:01:16 [DEBUG] face-presence-api: [BatchLogger] No verifications, skip flush
2025-07-27 00:01:16 [DEBUG] face-presence-api: [BatchLogger] No registrations, skip flush
2025-07-27 00:01:17 [DEBUG] face-presence-api: [BatchLogger] No durations, skip flush
2025-07-27 00:01:27 [DEBUG] face-presence-api: [BatchLogger] No durations, skip flush
2025-07-27 00:01:37 [DEBUG] face-presence-api: [BatchLogger] No durations, skip flush
2025-07-27 00:01:46 [DEBUG] face-presence-api: [BatchLogger] No verifications, skip flush
2025-07-27 00:01:46 [DEBUG] face-presence-api: [BatchLogger] No registrations, skip flush
2025-07-27 00:01:47 [DEBUG] face-presence-api: [BatchLogger] No durations, skip flush
2025-07-27 00:01:57 [DEBUG] face-presence-api: [BatchLogger] No durations, skip flush
2025-07-27 00:02:07 [DEBUG] face-presence-api: [BatchLogger] No durations, skip flush
2025-07-27 00:02:16 [DEBUG] face-presence-api: [BatchLogger] No verifications, skip flush
2025-07-27 00:02:16 [DEBUG] face-presence-api: [BatchLogger] No registrations, skip flush
2025-07-27 00:02:17 [DEBUG] face-presence-api: [BatchLogger] No durations, skip flush
2025-07-27 00:02:27 [DEBUG] face-presence-api: [BatchLogger] No durations, skip flush
2025-07-27 00:02:33 [DEBUG] python_multipart.multipart: Calling on_part_begin with no data
2025-07-27 00:02:33 [DEBUG] python_multipart.multipart: Calling on_header_field with data[42:61]
2025-07-27 00:02:33 [DEBUG] python_multipart.multipart: Calling on_header_value with data[63:88]
2025-07-27 00:02:33 [DEBUG] python_multipart.multipart: Calling on_header_end with no data
2025-07-27 00:02:33 [DEBUG] python_multipart.multipart: Calling on_headers_finished with no data
2025-07-27 00:02:33 [DEBUG] python_multipart.multipart: Calling on_part_data with data[92:94]
2025-07-27 00:02:33 [DEBUG] python_multipart.multipart: Calling on_part_end with no data
2025-07-27 00:02:33 [DEBUG] python_multipart.multipart: Calling on_end with no data
2025-07-27 00:02:33 [INFO] face-presence-api: Checking status for user: 53
2025-07-27 00:02:33 [INFO] face-presence-api: User 53 has not registered.
2025-07-27 00:02:37 [DEBUG] face-presence-api: [BatchLogger] No durations, skip flush
2025-07-27 00:02:46 [DEBUG] face-presence-api: [BatchLogger] No registrations, skip flush
2025-07-27 00:02:46 [DEBUG] face-presence-api: [BatchLogger] No verifications, skip flush
2025-07-27 00:02:47 [DEBUG] face-presence-api: [BatchLogger] No durations, skip flush
2025-07-27 00:02:57 [DEBUG] face-presence-api: [BatchLogger] No durations, skip flush
2025-07-27 00:03:07 [DEBUG] face-presence-api: [BatchLogger] No durations, skip flush
2025-07-27 00:03:16 [DEBUG] face-presence-api: [BatchLogger] No verifications, skip flush
2025-07-27 00:03:16 [DEBUG] face-presence-api: [BatchLogger] No registrations, skip flush
2025-07-27 00:03:17 [DEBUG] face-presence-api: [BatchLogger] No durations, skip flush
2025-07-27 00:03:22 [DEBUG] python_multipart.multipart: Calling on_part_begin with no data
2025-07-27 00:03:22 [DEBUG] python_multipart.multipart: Calling on_header_field with data[42:61]
2025-07-27 00:03:22 [DEBUG] python_multipart.multipart: Calling on_header_value with data[63:88]
2025-07-27 00:03:22 [DEBUG] python_multipart.multipart: Calling on_header_end with no data
2025-07-27 00:03:22 [DEBUG] python_multipart.multipart: Calling on_headers_finished with no data
2025-07-27 00:03:22 [DEBUG] python_multipart.multipart: Calling on_part_data with data[92:94]
2025-07-27 00:03:22 [DEBUG] python_multipart.multipart: Calling on_part_end with no data
2025-07-27 00:03:22 [DEBUG] python_multipart.multipart: Calling on_end with no data
2025-07-27 00:03:22 [INFO] face-presence-api: Checking status for user: 53
2025-07-27 00:03:22 [INFO] face-presence-api: User 53 has not registered.
2025-07-27 00:03:27 [DEBUG] face-presence-api: [BatchLogger] No durations, skip flush
2025-07-27 00:03:28 [DEBUG] python_multipart.multipart: Calling on_part_begin with no data
2025-07-27 00:03:28 [DEBUG] python_multipart.multipart: Calling on_header_field with data[42:61]
2025-07-27 00:03:28 [DEBUG] python_multipart.multipart: Calling on_header_value with data[63:88]
2025-07-27 00:03:28 [DEBUG] python_multipart.multipart: Calling on_header_end with no data
2025-07-27 00:03:28 [DEBUG] python_multipart.multipart: Calling on_headers_finished with no data
2025-07-27 00:03:28 [DEBUG] python_multipart.multipart: Calling on_part_data with data[92:94]
2025-07-27 00:03:28 [DEBUG] python_multipart.multipart: Calling on_part_end with no data
2025-07-27 00:03:28 [DEBUG] python_multipart.multipart: Calling on_end with no data
2025-07-27 00:03:28 [INFO] face-presence-api: Checking status for user: 53
2025-07-27 00:03:28 [INFO] face-presence-api: User 53 has not registered.
2025-07-27 00:03:37 [DEBUG] face-presence-api: [BatchLogger] No durations, skip flush
2025-07-27 00:03:46 [DEBUG] face-presence-api: [BatchLogger] No registrations, skip flush
2025-07-27 00:03:46 [DEBUG] face-presence-api: [BatchLogger] No verifications, skip flush
2025-07-27 00:03:47 [DEBUG] face-presence-api: [BatchLogger] No durations, skip flush
2025-07-27 00:03:57 [DEBUG] face-presence-api: [BatchLogger] No durations, skip flush
2025-07-27 00:04:07 [DEBUG] face-presence-api: [BatchLogger] No durations, skip flush
2025-07-27 00:04:16 [DEBUG] face-presence-api: [BatchLogger] No verifications, skip flush
2025-07-27 00:04:16 [DEBUG] face-presence-api: [BatchLogger] No registrations, skip flush
2025-07-27 00:04:17 [DEBUG] face-presence-api: [BatchLogger] No durations, skip flush
2025-07-27 00:04:27 [DEBUG] face-presence-api: [BatchLogger] No durations, skip flush
2025-07-27 00:04:37 [DEBUG] face-presence-api: [BatchLogger] No durations, skip flush
2025-07-27 00:04:46 [DEBUG] face-presence-api: [BatchLogger] No verifications, skip flush
2025-07-27 00:04:46 [DEBUG] face-presence-api: [BatchLogger] No registrations, skip flush
2025-07-27 00:04:47 [DEBUG] face-presence-api: [BatchLogger] No durations, skip flush
2025-07-27 00:04:57 [DEBUG] face-presence-api: [BatchLogger] No durations, skip flush
2025-07-27 00:05:07 [DEBUG] face-presence-api: [BatchLogger] No durations, skip flush
2025-07-27 00:05:16 [DEBUG] face-presence-api: [BatchLogger] No verifications, skip flush
2025-07-27 00:05:16 [DEBUG] face-presence-api: [BatchLogger] No registrations, skip flush
2025-07-27 00:05:17 [DEBUG] face-presence-api: [BatchLogger] No durations, skip flush
2025-07-27 00:05:27 [DEBUG] face-presence-api: [BatchLogger] No durations, skip flush
2025-07-27 00:05:37 [DEBUG] face-presence-api: [BatchLogger] No durations, skip flush
2025-07-27 00:05:46 [DEBUG] face-presence-api: [BatchLogger] No registrations, skip flush
2025-07-27 00:05:46 [DEBUG] face-presence-api: [BatchLogger] No verifications, skip flush
2025-07-27 00:05:47 [DEBUG] face-presence-api: [BatchLogger] No durations, skip flush
2025-07-27 00:05:57 [DEBUG] face-presence-api: [BatchLogger] No durations, skip flush
2025-07-27 00:06:07 [DEBUG] face-presence-api: [BatchLogger] No durations, skip flush
2025-07-27 00:06:16 [DEBUG] face-presence-api: [BatchLogger] No verifications, skip flush
2025-07-27 00:06:16 [DEBUG] face-presence-api: [BatchLogger] No registrations, skip flush
2025-07-27 00:06:17 [DEBUG] face-presence-api: [BatchLogger] No durations, skip flush
2025-07-27 00:06:28 [DEBUG] face-presence-api: [BatchLogger] No durations, skip flush
2025-07-27 00:06:38 [DEBUG] face-presence-api: [BatchLogger] No durations, skip flush
2025-07-27 00:06:46 [DEBUG] face-presence-api: [BatchLogger] No verifications, skip flush
2025-07-27 00:06:46 [DEBUG] face-presence-api: [BatchLogger] No registrations, skip flush
2025-07-27 00:06:48 [DEBUG] face-presence-api: [BatchLogger] No durations, skip flush
2025-07-27 00:06:58 [DEBUG] face-presence-api: [BatchLogger] No durations, skip flush
2025-07-27 00:07:08 [DEBUG] face-presence-api: [BatchLogger] No durations, skip flush
2025-07-27 00:07:16 [DEBUG] face-presence-api: [BatchLogger] No registrations, skip flush
2025-07-27 00:07:16 [DEBUG] face-presence-api: [BatchLogger] No verifications, skip flush
2025-07-27 00:07:18 [DEBUG] face-presence-api: [BatchLogger] No durations, skip flush
2025-07-27 00:07:28 [DEBUG] face-presence-api: [BatchLogger] No durations, skip flush
2025-07-27 00:07:38 [DEBUG] face-presence-api: [BatchLogger] No durations, skip flush
2025-07-27 00:07:46 [DEBUG] face-presence-api: [BatchLogger] No verifications, skip flush
2025-07-27 00:07:46 [DEBUG] face-presence-api: [BatchLogger] No registrations, skip flush
2025-07-27 00:07:48 [DEBUG] face-presence-api: [BatchLogger] No durations, skip flush
2025-07-27 00:07:58 [DEBUG] face-presence-api: [BatchLogger] No durations, skip flush
2025-07-27 00:08:08 [DEBUG] face-presence-api: [BatchLogger] No durations, skip flush
2025-07-27 00:08:16 [DEBUG] face-presence-api: [BatchLogger] No registrations, skip flush
2025-07-27 00:08:16 [DEBUG] face-presence-api: [BatchLogger] No verifications, skip flush
2025-07-27 00:08:18 [DEBUG] face-presence-api: [BatchLogger] No durations, skip flush
2025-07-27 00:08:28 [DEBUG] face-presence-api: [BatchLogger] No durations, skip flush
2025-07-27 00:08:38 [DEBUG] face-presence-api: [BatchLogger] No durations, skip flush
2025-07-27 00:08:46 [DEBUG] face-presence-api: [BatchLogger] No verifications, skip flush
2025-07-27 00:08:46 [DEBUG] face-presence-api: [BatchLogger] No registrations, skip flush
2025-07-27 00:08:48 [DEBUG] face-presence-api: [BatchLogger] No durations, skip flush
2025-07-27 00:08:58 [DEBUG] face-presence-api: [BatchLogger] No durations, skip flush
2025-07-27 00:09:08 [DEBUG] face-presence-api: [BatchLogger] No durations, skip flush
2025-07-27 00:09:16 [DEBUG] face-presence-api: [BatchLogger] No verifications, skip flush
2025-07-27 00:09:16 [DEBUG] face-presence-api: [BatchLogger] No registrations, skip flush
2025-07-27 00:09:18 [DEBUG] face-presence-api: [BatchLogger] No durations, skip flush
2025-07-27 00:09:28 [DEBUG] face-presence-api: [BatchLogger] No durations, skip flush
2025-07-27 00:09:38 [DEBUG] face-presence-api: [BatchLogger] No durations, skip flush
2025-07-27 00:09:46 [DEBUG] face-presence-api: [BatchLogger] No verifications, skip flush
2025-07-27 00:09:46 [DEBUG] face-presence-api: [BatchLogger] No registrations, skip flush
2025-07-27 00:09:48 [DEBUG] face-presence-api: [BatchLogger] No durations, skip flush
2025-07-27 00:09:58 [DEBUG] face-presence-api: [BatchLogger] No durations, skip flush
2025-07-27 00:10:08 [DEBUG] face-presence-api: [BatchLogger] No durations, skip flush
2025-07-27 00:10:16 [DEBUG] face-presence-api: [BatchLogger] No registrations, skip flush
2025-07-27 00:10:16 [DEBUG] face-presence-api: [BatchLogger] No verifications, skip flush
2025-07-27 00:10:18 [DEBUG] face-presence-api: [BatchLogger] No durations, skip flush
2025-07-27 00:10:28 [DEBUG] face-presence-api: [BatchLogger] No durations, skip flush
2025-07-27 00:10:38 [DEBUG] face-presence-api: [BatchLogger] No durations, skip flush
2025-07-27 00:10:46 [DEBUG] face-presence-api: [BatchLogger] No registrations, skip flush
2025-07-27 00:10:46 [DEBUG] face-presence-api: [BatchLogger] No verifications, skip flush
2025-07-27 00:10:48 [DEBUG] face-presence-api: [BatchLogger] No durations, skip flush
2025-07-27 00:10:58 [DEBUG] face-presence-api: [BatchLogger] No durations, skip flush
2025-07-27 00:11:08 [DEBUG] face-presence-api: [BatchLogger] No durations, skip flush
2025-07-27 00:11:16 [DEBUG] face-presence-api: [BatchLogger] No verifications, skip flush
2025-07-27 00:11:16 [DEBUG] face-presence-api: [BatchLogger] No registrations, skip flush
2025-07-27 00:11:18 [DEBUG] face-presence-api: [BatchLogger] No durations, skip flush
2025-07-27 00:11:28 [DEBUG] face-presence-api: [BatchLogger] No durations, skip flush
2025-07-27 00:11:38 [DEBUG] face-presence-api: [BatchLogger] No durations, skip flush
2025-07-27 00:11:46 [DEBUG] face-presence-api: [BatchLogger] No registrations, skip flush
2025-07-27 00:11:46 [DEBUG] face-presence-api: [BatchLogger] No verifications, skip flush
2025-07-27 00:11:48 [DEBUG] face-presence-api: [BatchLogger] No durations, skip flush
2025-07-27 00:11:58 [DEBUG] face-presence-api: [BatchLogger] No durations, skip flush
2025-07-27 00:12:08 [DEBUG] face-presence-api: [BatchLogger] No durations, skip flush
2025-07-27 00:12:11 [DEBUG] python_multipart.multipart: Calling on_part_begin with no data
2025-07-27 00:12:11 [DEBUG] python_multipart.multipart: Calling on_header_field with data[42:61]
2025-07-27 00:12:11 [DEBUG] python_multipart.multipart: Calling on_header_value with data[63:88]
2025-07-27 00:12:11 [DEBUG] python_multipart.multipart: Calling on_header_end with no data
2025-07-27 00:12:11 [DEBUG] python_multipart.multipart: Calling on_headers_finished with no data
2025-07-27 00:12:11 [DEBUG] python_multipart.multipart: Calling on_part_data with data[92:94]
2025-07-27 00:12:11 [DEBUG] python_multipart.multipart: Calling on_part_end with no data
2025-07-27 00:12:11 [DEBUG] python_multipart.multipart: Calling on_end with no data
2025-07-27 00:12:11 [INFO] face-presence-api: Checking status for user: 53
2025-07-27 00:12:11 [INFO] face-presence-api: User 53 has not registered.
2025-07-27 00:12:16 [DEBUG] face-presence-api: [BatchLogger] No verifications, skip flush
2025-07-27 00:12:16 [DEBUG] face-presence-api: [BatchLogger] No registrations, skip flush
2025-07-27 00:12:18 [DEBUG] face-presence-api: [BatchLogger] No durations, skip flush
2025-07-27 00:12:26 [DEBUG] python_multipart.multipart: Calling on_part_begin with no data
2025-07-27 00:12:26 [DEBUG] python_multipart.multipart: Calling on_header_field with data[42:61]
2025-07-27 00:12:26 [DEBUG] python_multipart.multipart: Calling on_header_value with data[63:88]
2025-07-27 00:12:26 [DEBUG] python_multipart.multipart: Calling on_header_end with no data
2025-07-27 00:12:26 [DEBUG] python_multipart.multipart: Calling on_headers_finished with no data
2025-07-27 00:12:26 [DEBUG] python_multipart.multipart: Calling on_part_data with data[92:94]
2025-07-27 00:12:26 [DEBUG] python_multipart.multipart: Calling on_part_end with no data
2025-07-27 00:12:26 [DEBUG] python_multipart.multipart: Calling on_end with no data
2025-07-27 00:12:26 [INFO] face-presence-api: Checking status for user: 53
2025-07-27 00:12:26 [INFO] face-presence-api: User 53 has not registered.
2025-07-27 00:12:28 [DEBUG] face-presence-api: [BatchLogger] No durations, skip flush
2025-07-27 00:12:38 [DEBUG] face-presence-api: [BatchLogger] No durations, skip flush
2025-07-27 00:12:39 [DEBUG] python_multipart.multipart: Calling on_part_begin with no data
2025-07-27 00:12:39 [DEBUG] python_multipart.multipart: Calling on_header_field with data[42:61]
2025-07-27 00:12:39 [DEBUG] python_multipart.multipart: Calling on_header_value with data[63:88]
2025-07-27 00:12:39 [DEBUG] python_multipart.multipart: Calling on_header_end with no data
2025-07-27 00:12:39 [DEBUG] python_multipart.multipart: Calling on_headers_finished with no data
2025-07-27 00:12:39 [DEBUG] python_multipart.multipart: Calling on_part_data with data[92:94]
2025-07-27 00:12:39 [DEBUG] python_multipart.multipart: Calling on_part_end with no data
2025-07-27 00:12:39 [DEBUG] python_multipart.multipart: Calling on_end with no data
2025-07-27 00:12:39 [INFO] face-presence-api: Checking status for user: 53
2025-07-27 00:12:39 [INFO] face-presence-api: User 53 has not registered.
2025-07-27 00:12:46 [DEBUG] face-presence-api: [BatchLogger] No verifications, skip flush
2025-07-27 00:12:46 [DEBUG] face-presence-api: [BatchLogger] No registrations, skip flush
2025-07-27 00:12:48 [DEBUG] face-presence-api: [BatchLogger] No durations, skip flush
2025-07-27 00:12:58 [DEBUG] face-presence-api: [BatchLogger] No durations, skip flush
2025-07-27 00:13:08 [DEBUG] face-presence-api: [BatchLogger] No durations, skip flush
2025-07-27 00:13:16 [DEBUG] face-presence-api: [BatchLogger] No registrations, skip flush
2025-07-27 00:13:16 [DEBUG] face-presence-api: [BatchLogger] No verifications, skip flush
2025-07-27 00:13:18 [DEBUG] face-presence-api: [BatchLogger] No durations, skip flush
2025-07-27 00:13:28 [DEBUG] face-presence-api: [BatchLogger] No durations, skip flush
2025-07-27 00:13:38 [DEBUG] face-presence-api: [BatchLogger] No durations, skip flush
2025-07-27 00:13:46 [DEBUG] face-presence-api: [BatchLogger] No verifications, skip flush
2025-07-27 00:13:46 [DEBUG] face-presence-api: [BatchLogger] No registrations, skip flush
2025-07-27 00:13:48 [DEBUG] face-presence-api: [BatchLogger] No durations, skip flush
2025-07-27 00:13:57 [DEBUG] python_multipart.multipart: Calling on_part_begin with no data
2025-07-27 00:13:57 [DEBUG] python_multipart.multipart: Calling on_header_field with data[42:61]
2025-07-27 00:13:57 [DEBUG] python_multipart.multipart: Calling on_header_value with data[63:88]
2025-07-27 00:13:57 [DEBUG] python_multipart.multipart: Calling on_header_end with no data
2025-07-27 00:13:57 [DEBUG] python_multipart.multipart: Calling on_headers_finished with no data
2025-07-27 00:13:57 [DEBUG] python_multipart.multipart: Calling on_part_data with data[92:94]
2025-07-27 00:13:57 [DEBUG] python_multipart.multipart: Calling on_part_end with no data
2025-07-27 00:13:57 [DEBUG] python_multipart.multipart: Calling on_end with no data
2025-07-27 00:13:57 [INFO] face-presence-api: Checking status for user: 53
2025-07-27 00:13:57 [INFO] face-presence-api: User 53 has not registered.
2025-07-27 00:13:58 [DEBUG] face-presence-api: [BatchLogger] No durations, skip flush
2025-07-27 00:14:08 [DEBUG] face-presence-api: [BatchLogger] No durations, skip flush
2025-07-27 00:14:16 [DEBUG] face-presence-api: [BatchLogger] No verifications, skip flush
2025-07-27 00:14:16 [DEBUG] face-presence-api: [BatchLogger] No registrations, skip flush
2025-07-27 00:14:18 [DEBUG] face-presence-api: [BatchLogger] No durations, skip flush
2025-07-27 00:14:28 [DEBUG] face-presence-api: [BatchLogger] No durations, skip flush
2025-07-27 00:14:38 [DEBUG] face-presence-api: [BatchLogger] No durations, skip flush
2025-07-27 00:14:39 [INFO] face-presence-api: [App] Shutting down application...
2025-07-27 00:14:39 [INFO] face-presence-api: Shutting down thread pool executor...
2025-07-27 00:14:39 [INFO] face-presence-api: Thread pool executor successfully shut down.
2025-07-27 00:14:39 [INFO] face-presence-api: [App] Executor resources cleaned up.
